54.36.148.0 - - [11/Jul/2022:00:00:25 -0400] "GET /robots.txt HTTP/1.1" 200 277 blackdram.com "-" "Mozilla/5.0 (compatible; AhrefsBot/7.0; +http://ahrefs.com/robot/)" "-"
51.222.253.0 - - [11/Jul/2022:00:00:27 -0400] "GET /comic/96 HTTP/1.1" 200 6446 blackdram.com "-" "Mozilla/5.0 (compatible; AhrefsBot/7.0; +http://ahrefs.com/robot/)" "-"
173.230.149.0 - - [11/Jul/2022:00:01:53 -0400] "GET /comic/rss HTTP/1.1" 200 19767 blackdram.com "-" "Mozilla/5.0 (Macintosh; Intel Mac OS X 10_15_7) AppleWebKit/537.36 (KHTML, like Gecko) Chrome/101.0.4951.54 Safari/537.36" "-"
173.230.149.0 - - [11/Jul/2022:00:09:15 -0400] "GET /comic/rss HTTP/1.1" 200 19767 blackdram.com "-" "Mozilla/5.0 (Macintosh; Intel Mac OS X 10_15_7) AppleWebKit/537.36 (KHTML, like Gecko) Chrome/101.0.4951.54 Safari/537.36" "-"
185.191.171.0 - - [11/Jul/2022:00:12:52 -0400] "GET /comic/119 HTTP/1.1" 200 6083 blackdram.com "-" "Mozilla/5.0 (compatible; SemrushBot/7~bl; +http://www.semrush.com/bot.html)" "-"
173.230.149.0 - - [11/Jul/2022:00:16:34 -0400] "GET /comic/rss HTTP/1.1" 200 19767 blackdram.com "-" "Mozilla/5.0 (Macintosh; Intel Mac OS X 10_15_7) AppleWebKit/537.36 (KHTML, like Gecko) Chrome/101.0.4951.54 Safari/537.36" "-"
49.7.21.0 - - [11/Jul/2022:00:17:33 -0400] "GET / HTTP/1.1" 301 230 blackdram.com "-" "Sogou web spider/4.0(+http://www.sogou.com/docs/help/webmasters.htm#07)" "-"
173.230.149.0 - - [11/Jul/2022:00:23:49 -0400] "GET /comic/rss HTTP/1.1" 200 19767 blackdram.com "-" "Mozilla/5.0 (Macintosh; Intel Mac OS X 10_15_7) AppleWebKit/537.36 (KHTML, like Gecko) Chrome/101.0.4951.54 Safari/537.36" "-"
51.222.253.0 - - [11/Jul/2022:00:25:57 -0400] "GET /comic/3 HTTP/1.1" 200 5856 www.blackdram.com "-" "Mozilla/5.0 (compatible; AhrefsBot/7.0; +http://ahrefs.com/robot/)" "-"
173.230.149.0 - - [11/Jul/2022:00:31:06 -0400] "GET /comic/rss HTTP/1.1" 200 19767 blackdram.com "-" "Mozilla/5.0 (Macintosh; Intel Mac OS X 10_15_7) AppleWebKit/537.36 (KHTML, like Gecko) Chrome/101.0.4951.54 Safari/537.36" "-"
92.247.181.0 - - [11/Jul/2022:00:33:32 -0400] "GET /rss?id=1 HTTP/1.1" 404 2614 blackdram.com "https://blackdram.com/" "Mozilla/5.0 (compatible; inoreader.com; 1 subscribers)" "-"
114.119.149.0 - - [11/Jul/2022:00:37:24 -0400] "GET /comic/110 HTTP/1.1" 301 239 blackdram.com "https://blackdram.com/comic/archive" "Mozilla/5.0 (Linux; Android 7.0;) AppleWebKit/537.36 (KHTML, like Gecko) Mobile Safari/537.36 (compatible; PetalBot;+https://webmaster.petalsearch.com/site/petalbot)" "-"
114.119.149.0 - - [11/Jul/2022:00:37:30 -0400] "GET /comic/110 HTTP/1.1" 200 6168 blackdram.com "https://blackdram.com/comic/archive" "Mozilla/5.0 (Linux; Android 7.0;) AppleWebKit/537.36 (KHTML, like Gecko) Mobile Safari/537.36 (compatible; PetalBot;+https://webmaster.petalsearch.com/site/petalbot)" "-"
173.230.149.0 - - [11/Jul/2022:00:38:28 -0400] "GET /comic/rss HTTP/1.1" 200 19767 blackdram.com "-" "Mozilla/5.0 (Macintosh; Intel Mac OS X 10_15_7) AppleWebKit/537.36 (KHTML, like Gecko) Chrome/101.0.4951.54 Safari/537.36" "-"
114.119.149.0 - - [11/Jul/2022:00:45:14 -0400] "GET /comic/132 HTTP/1.1" 200 6280 blackdram.com "https://blackdram.com/comic/133" "Mozilla/5.0 (Linux; Android 7.0;) AppleWebKit/537.36 (KHTML, like Gecko) Mobile Safari/537.36 (compatible; PetalBot;+https://webmaster.petalsearch.com/site/petalbot)" "-"
173.230.149.0 - - [11/Jul/2022:00:45:50 -0400] "GET /comic/rss HTTP/1.1" 200 19767 blackdram.com "-" "Mozilla/5.0 (Macintosh; Intel Mac OS X 10_15_7) AppleWebKit/537.36 (KHTML, like Gecko) Chrome/101.0.4951.54 Safari/537.36" "-"
51.222.253.0 - - [11/Jul/2022:00:51:40 -0400] "GET /comic/75 HTTP/1.1" 301 238 blackdram.com "-" "Mozilla/5.0 (compatible; AhrefsBot/7.0; +http://ahrefs.com/robot/)" "-"
114.119.149.0 - - [11/Jul/2022:00:52:27 -0400] "GET /comic/199 HTTP/1.1" 200 5882 blackdram.com "https://blackdram.com/comic/198" "Mozilla/5.0 (Linux; Android 7.0;) AppleWebKit/537.36 (KHTML, like Gecko) Mobile Safari/537.36 (compatible; PetalBot;+https://webmaster.petalsearch.com/site/petalbot)" "-"
173.230.149.0 - - [11/Jul/2022:00:53:05 -0400] "GET /comic/rss HTTP/1.1" 200 19767 blackdram.com "-" "Mozilla/5.0 (Macintosh; Intel Mac OS X 10_15_7) AppleWebKit/537.36 (KHTML, like Gecko) Chrome/101.0.4951.54 Safari/537.36" "-"
173.230.149.0 - - [11/Jul/2022:01:00:26 -0400] "GET /comic/rss HTTP/1.1" 200 19767 blackdram.com "-" "Mozilla/5.0 (Macintosh; Intel Mac OS X 10_15_7) AppleWebKit/537.36 (KHTML, like Gecko) Chrome/101.0.4951.54 Safari/537.36" "-"
2604:a580:: - - [11/Jul/2022:01:04:20 -0400] "GET /comic/rss?id=1 HTTP/1.1" 200 19767 blackdram.com "-" "Mozilla/5.0 (compatible; theoldreader.com; 2 subscribers; feed-id=0e2c74fc8b2d9bd6880948f1)" "-"
173.230.149.0 - - [11/Jul/2022:01:07:42 -0400] "GET /comic/rss HTTP/1.1" 200 19767 blackdram.com "-" "Mozilla/5.0 (Macintosh; Intel Mac OS X 10_15_7) AppleWebKit/537.36 (KHTML, like Gecko) Chrome/101.0.4951.54 Safari/537.36" "-"
40.77.167.0 - - [11/Jul/2022:01:10:35 -0400] "GET /comic/140 HTTP/1.1" 200 5982 blackdram.com "-" "Mozilla/5.0 (compatible; bingbot/2.0; +http://www.bing.com/bingbot.htm)" "-"
173.230.149.0 - - [11/Jul/2022:01:14:57 -0400] "GET /comic/rss HTTP/1.1" 200 19767 blackdram.com "-" "Mozilla/5.0 (Macintosh; Intel Mac OS X 10_15_7) AppleWebKit/537.36 (KHTML, like Gecko) Chrome/101.0.4951.54 Safari/537.36" "-"
51.222.253.0 - - [11/Jul/2022:01:17:23 -0400] "GET /comic/138 HTTP/1.1" 200 5840 blackdram.com "-" "Mozilla/5.0 (compatible; AhrefsBot/7.0; +http://ahrefs.com/robot/)" "-"
173.230.149.0 - - [11/Jul/2022:01:22:21 -0400] "GET /comic/rss HTTP/1.1" 200 19767 blackdram.com "-" "Mozilla/5.0 (Macintosh; Intel Mac OS X 10_15_7) AppleWebKit/537.36 (KHTML, like Gecko) Chrome/101.0.4951.54 Safari/537.36" "-"
173.230.149.0 - - [11/Jul/2022:01:29:51 -0400] "GET /comic/rss HTTP/1.1" 200 19767 blackdram.com "-" "Mozilla/5.0 (Macintosh; Intel Mac OS X 10_15_7) AppleWebKit/537.36 (KHTML, like Gecko) Chrome/101.0.4951.54 Safari/537.36" "-"
173.230.149.0 - - [11/Jul/2022:01:37:05 -0400] "GET /comic/rss HTTP/1.1" 200 19767 blackdram.com "-" "Mozilla/5.0 (Macintosh; Intel Mac OS X 10_15_7) AppleWebKit/537.36 (KHTML, like Gecko) Chrome/101.0.4951.54 Safari/537.36" "-"
51.222.253.0 - - [11/Jul/2022:01:41:36 -0400] "GET /comic/157 HTTP/1.1" 200 6225 blackdram.com "-" "Mozilla/5.0 (compatible; AhrefsBot/7.0; +http://ahrefs.com/robot/)" "-"
173.230.149.0 - - [11/Jul/2022:01:44:18 -0400] "GET /comic/rss HTTP/1.1" 200 19767 blackdram.com "-" "Mozilla/5.0 (Macintosh; Intel Mac OS X 10_15_7) AppleWebKit/537.36 (KHTML, like Gecko) Chrome/101.0.4951.54 Safari/537.36" "-"
173.230.149.0 - - [11/Jul/2022:01:51:47 -0400] "GET /comic/rss HTTP/1.1" 200 19767 blackdram.com "-" "Mozilla/5.0 (Macintosh; Intel Mac OS X 10_15_7) AppleWebKit/537.36 (KHTML, like Gecko) Chrome/101.0.4951.54 Safari/537.36" "-"
173.230.149.0 - - [11/Jul/2022:01:59:12 -0400] "GET /comic/rss HTTP/1.1" 200 19767 blackdram.com "-" "Mozilla/5.0 (Macintosh; Intel Mac OS X 10_15_7) AppleWebKit/537.36 (KHTML, like Gecko) Chrome/101.0.4951.54 Safari/537.36" "-"
51.222.253.0 - - [11/Jul/2022:02:06:22 -0400] "GET /comic/59 HTTP/1.1" 200 5932 blackdram.com "-" "Mozilla/5.0 (compatible; AhrefsBot/7.0; +http://ahrefs.com/robot/)" "-"
173.230.149.0 - - [11/Jul/2022:02:06:30 -0400] "GET /comic/rss HTTP/1.1" 200 19767 blackdram.com "-" "Mozilla/5.0 (Macintosh; Intel Mac OS X 10_15_7) AppleWebKit/537.36 (KHTML, like Gecko) Chrome/101.0.4951.54 Safari/537.36" "-"
173.230.149.0 - - [11/Jul/2022:02:13:48 -0400] "GET /comic/rss HTTP/1.1" 200 19767 blackdram.com "-" "Mozilla/5.0 (Macintosh; Intel Mac OS X 10_15_7) AppleWebKit/537.36 (KHTML, like Gecko) Chrome/101.0.4951.54 Safari/537.36" "-"
173.230.149.0 - - [11/Jul/2022:02:21:06 -0400] "GET /comic/rss HTTP/1.1" 200 19767 blackdram.com "-" "Mozilla/5.0 (Macintosh; Intel Mac OS X 10_15_7) AppleWebKit/537.36 (KHTML, like Gecko) Chrome/101.0.4951.54 Safari/537.36" "-"
185.191.171.0 - - [11/Jul/2022:02:25:54 -0400] "GET /robots.txt HTTP/1.1" 200 277 blackdram.com "-" "Mozilla/5.0 (compatible; SemrushBot/7~bl; +http://www.semrush.com/bot.html)" "-"
185.191.171.0 - - [11/Jul/2022:02:25:55 -0400] "GET /comic/205 HTTP/1.1" 200 6203 blackdram.com "-" "Mozilla/5.0 (compatible; SemrushBot/7~bl; +http://www.semrush.com/bot.html)" "-"
173.230.149.0 - - [11/Jul/2022:02:28:28 -0400] "GET /comic/rss HTTP/1.1" 200 19767 blackdram.com "-" "Mozilla/5.0 (Macintosh; Intel Mac OS X 10_15_7) AppleWebKit/537.36 (KHTML, like Gecko) Chrome/101.0.4951.54 Safari/537.36" "-"
185.191.171.0 - - [11/Jul/2022:02:29:40 -0400] "GET /comic/13 HTTP/1.1" 301 238 blackdram.com "-" "Mozilla/5.0 (compatible; SemrushBot/7~bl; +http://www.semrush.com/bot.html)" "-"
185.191.171.0 - - [11/Jul/2022:02:29:42 -0400] "GET /comic/13 HTTP/1.1" 200 5894 blackdram.com "-" "Mozilla/5.0 (compatible; SemrushBot/7~bl; +http://www.semrush.com/bot.html)" "-"
92.247.181.0 - - [11/Jul/2022:02:34:31 -0400] "GET /rss?id=1 HTTP/1.1" 404 2614 blackdram.com "https://blackdram.com/" "Mozilla/5.0 (compatible; inoreader.com; 1 subscribers)" "-"
51.222.253.0 - - [11/Jul/2022:02:34:48 -0400] "GET /comic/181 HTTP/1.1" 200 5763 blackdram.com "-" "Mozilla/5.0 (compatible; AhrefsBot/7.0; +http://ahrefs.com/robot/)" "-"
173.230.149.0 - - [11/Jul/2022:02:35:46 -0400] "GET /comic/rss HTTP/1.1" 200 19767 blackdram.com "-" "Mozilla/5.0 (Macintosh; Intel Mac OS X 10_15_7) AppleWebKit/537.36 (KHTML, like Gecko) Chrome/101.0.4951.54 Safari/537.36" "-"
173.230.149.0 - - [11/Jul/2022:02:43:05 -0400] "GET /comic/rss HTTP/1.1" 200 19767 blackdram.com "-" "Mozilla/5.0 (Macintosh; Intel Mac OS X 10_15_7) AppleWebKit/537.36 (KHTML, like Gecko) Chrome/101.0.4951.54 Safari/537.36" "-"
114.119.149.0 - - [11/Jul/2022:02:43:41 -0400] "GET /comic/25 HTTP/1.1" 200 5997 blackdram.com "https://blackdram.com/comic/26" "Mozilla/5.0 (Linux; Android 7.0;) AppleWebKit/537.36 (KHTML, like Gecko) Mobile Safari/537.36 (compatible; PetalBot;+https://webmaster.petalsearch.com/site/petalbot)" "-"
173.230.149.0 - - [11/Jul/2022:02:50:24 -0400] "GET /comic/rss HTTP/1.1" 200 19767 blackdram.com "-" "Mozilla/5.0 (Macintosh; Intel Mac OS X 10_15_7) AppleWebKit/537.36 (KHTML, like Gecko) Chrome/101.0.4951.54 Safari/537.36" "-"
114.119.149.0 - - [11/Jul/2022:02:56:54 -0400] "GET /comic/109 HTTP/1.1" 200 6170 blackdram.com "https://blackdram.com/comic/108" "Mozilla/5.0 (Linux; Android 7.0;) AppleWebKit/537.36 (KHTML, like Gecko) Mobile Safari/537.36 (compatible; PetalBot;+https://webmaster.petalsearch.com/site/petalbot)" "-"
173.230.149.0 - - [11/Jul/2022:02:57:48 -0400] "GET /comic/rss HTTP/1.1" 200 19767 blackdram.com "-" "Mozilla/5.0 (Macintosh; Intel Mac OS X 10_15_7) AppleWebKit/537.36 (KHTML, like Gecko) Chrome/101.0.4951.54 Safari/537.36" "-"
51.222.253.0 - - [11/Jul/2022:02:58:48 -0400] "GET /comic/96 HTTP/1.1" 301 238 blackdram.com "-" "Mozilla/5.0 (compatible; AhrefsBot/7.0; +http://ahrefs.com/robot/)" "-"
114.119.149.0 - - [11/Jul/2022:03:02:06 -0400] "GET /comic/116 HTTP/1.1" 301 239 blackdram.com "https://blackdram.com/comic/117" "Mozilla/5.0 (Linux; Android 7.0;) AppleWebKit/537.36 (KHTML, like Gecko) Mobile Safari/537.36 (compatible; PetalBot;+https://webmaster.petalsearch.com/site/petalbot)" "-"
114.119.149.0 - - [11/Jul/2022:03:02:07 -0400] "GET /comic/116 HTTP/1.1" 200 6097 blackdram.com "https://blackdram.com/comic/117" "Mozilla/5.0 (Linux; Android 7.0;) AppleWebKit/537.36 (KHTML, like Gecko) Mobile Safari/537.36 (compatible; PetalBot;+https://webmaster.petalsearch.com/site/petalbot)" "-"
173.230.149.0 - - [11/Jul/2022:03:05:11 -0400] "GET /comic/rss HTTP/1.1" 200 19767 blackdram.com "-" "Mozilla/5.0 (Macintosh; Intel Mac OS X 10_15_7) AppleWebKit/537.36 (KHTML, like Gecko) Chrome/101.0.4951.54 Safari/537.36" "-"
114.119.149.0 - - [11/Jul/2022:03:07:21 -0400] "GET /comic/69 HTTP/1.1" 200 6145 blackdram.com "https://blackdram.com/comic/70" "Mozilla/5.0 (Linux; Android 7.0;) AppleWebKit/537.36 (KHTML, like Gecko) Mobile Safari/537.36 (compatible; PetalBot;+https://webmaster.petalsearch.com/site/petalbot)" "-"
185.191.171.0 - - [11/Jul/2022:03:09:29 -0400] "GET /comic/rss?id=1 HTTP/1.1" 200 19767 blackdram.com "-" "Mozilla/5.0 (compatible; SemrushBot/7~bl; +http://www.semrush.com/bot.html)" "-"
49.7.21.0 - - [11/Jul/2022:03:11:17 -0400] "GET / HTTP/1.1" 200 6587 blackdram.com "-" "Sogou web spider/4.0(+http://www.sogou.com/docs/help/webmasters.htm#07)" "-"
173.230.149.0 - - [11/Jul/2022:03:12:33 -0400] "GET /comic/rss HTTP/1.1" 200 19767 blackdram.com "-" "Mozilla/5.0 (Macintosh; Intel Mac OS X 10_15_7) AppleWebKit/537.36 (KHTML, like Gecko) Chrome/101.0.4951.54 Safari/537.36" "-"
114.119.149.0 - - [11/Jul/2022:03:12:36 -0400] "GET /comic/53 HTTP/1.1" 200 6137 blackdram.com "https://blackdram.com/comic/52" "Mozilla/5.0 (Linux; Android 7.0;) AppleWebKit/537.36 (KHTML, like Gecko) Mobile Safari/537.36 (compatible; PetalBot;+https://webmaster.petalsearch.com/site/petalbot)" "-"
114.119.149.0 - - [11/Jul/2022:03:17:49 -0400] "GET /comic/144 HTTP/1.1" 200 6277 blackdram.com "https://blackdram.com/comic/145" "Mozilla/5.0 (Linux; Android 7.0;) AppleWebKit/537.36 (KHTML, like Gecko) Mobile Safari/537.36 (compatible; PetalBot;+https://webmaster.petalsearch.com/site/petalbot)" "-"
173.230.149.0 - - [11/Jul/2022:03:19:52 -0400] "GET /comic/rss HTTP/1.1" 200 19767 blackdram.com "-" "Mozilla/5.0 (Macintosh; Intel Mac OS X 10_15_7) AppleWebKit/537.36 (KHTML, like Gecko) Chrome/101.0.4951.54 Safari/537.36" "-"
114.119.149.0 - - [11/Jul/2022:03:23:05 -0400] "GET /comic/115 HTTP/1.1" 200 5999 blackdram.com "https://blackdram.com/comic/114" "Mozilla/5.0 (Linux; Android 7.0;) AppleWebKit/537.36 (KHTML, like Gecko) Mobile Safari/537.36 (compatible; PetalBot;+https://webmaster.petalsearch.com/site/petalbot)" "-"
173.230.149.0 - - [11/Jul/2022:03:27:11 -0400] "GET /comic/rss HTTP/1.1" 200 19767 blackdram.com "-" "Mozilla/5.0 (Macintosh; Intel Mac OS X 10_15_7) AppleWebKit/537.36 (KHTML, like Gecko) Chrome/101.0.4951.54 Safari/537.36" "-"
114.119.149.0 - - [11/Jul/2022:03:28:16 -0400] "GET /comic/107 HTTP/1.1" 200 6040 blackdram.com "https://blackdram.com/comic/108" "Mozilla/5.0 (Linux; Android 7.0;) AppleWebKit/537.36 (KHTML, like Gecko) Mobile Safari/537.36 (compatible; PetalBot;+https://webmaster.petalsearch.com/site/petalbot)" "-"
114.119.149.0 - - [11/Jul/2022:03:33:37 -0400] "GET /comic/40 HTTP/1.1" 200 6455 blackdram.com "https://blackdram.com/comic/39" "Mozilla/5.0 (Linux; Android 7.0;) AppleWebKit/537.36 (KHTML, like Gecko) Mobile Safari/537.36 (compatible; PetalBot;+https://webmaster.petalsearch.com/site/petalbot)" "-"
173.230.149.0 - - [11/Jul/2022:03:34:33 -0400] "GET /comic/rss HTTP/1.1" 200 19767 blackdram.com "-" "Mozilla/5.0 (Macintosh; Intel Mac OS X 10_15_7) AppleWebKit/537.36 (KHTML, like Gecko) Chrome/101.0.4951.54 Safari/537.36" "-"
61.135.159.0 - - [11/Jul/2022:03:38:58 -0400] "GET / HTTP/1.1" 301 230 blackdram.com "-" "Sogou web spider/4.0(+http://www.sogou.com/docs/help/webmasters.htm#07)" "-"
173.230.149.0 - - [11/Jul/2022:03:41:55 -0400] "GET /comic/rss HTTP/1.1" 200 19767 blackdram.com "-" "Mozilla/5.0 (Macintosh; Intel Mac OS X 10_15_7) AppleWebKit/537.36 (KHTML, like Gecko) Chrome/101.0.4951.54 Safari/537.36" "-"
51.222.253.0 - - [11/Jul/2022:03:47:42 -0400] "GET /comic/132 HTTP/1.1" 301 239 blackdram.com "-" "Mozilla/5.0 (compatible; AhrefsBot/7.0; +http://ahrefs.com/robot/)" "-"
49.7.21.0 - - [11/Jul/2022:03:47:49 -0400] "GET / HTTP/1.1" 200 6587 blackdram.com "-" "Sogou web spider/4.0(+http://www.sogou.com/docs/help/webmasters.htm#07)" "-"
173.230.149.0 - - [11/Jul/2022:03:49:09 -0400] "GET /comic/rss HTTP/1.1" 200 19767 blackdram.com "-" "Mozilla/5.0 (Macintosh; Intel Mac OS X 10_15_7) AppleWebKit/537.36 (KHTML, like Gecko) Chrome/101.0.4951.54 Safari/537.36" "-"
61.135.159.0 - - [11/Jul/2022:03:49:37 -0400] "GET / HTTP/1.1" 200 6587 blackdram.com "-" "Sogou web spider/4.0(+http://www.sogou.com/docs/help/webmasters.htm#07)" "-"
185.191.171.0 - - [11/Jul/2022:03:55:45 -0400] "GET /robots.txt HTTP/1.1" 301 240 blackdram.com "-" "Mozilla/5.0 (compatible; SemrushBot/7~bl; +http://www.semrush.com/bot.html)" "-"
185.191.171.0 - - [11/Jul/2022:03:55:45 -0400] "GET /robots.txt HTTP/1.1" 200 277 blackdram.com "-" "Mozilla/5.0 (compatible; SemrushBot/7~bl; +http://www.semrush.com/bot.html)" "-"
185.191.171.0 - - [11/Jul/2022:03:55:45 -0400] "GET /comic/47 HTTP/1.1" 301 238 blackdram.com "-" "Mozilla/5.0 (compatible; SemrushBot/7~bl; +http://www.semrush.com/bot.html)" "-"
185.191.171.0 - - [11/Jul/2022:03:55:47 -0400] "GET /comic/47 HTTP/1.1" 200 6185 blackdram.com "-" "Mozilla/5.0 (compatible; SemrushBot/7~bl; +http://www.semrush.com/bot.html)" "-"
173.230.149.0 - - [11/Jul/2022:03:56:33 -0400] "GET /comic/rss HTTP/1.1" 200 19767 blackdram.com "-" "Mozilla/5.0 (Macintosh; Intel Mac OS X 10_15_7) AppleWebKit/537.36 (KHTML, like Gecko) Chrome/101.0.4951.54 Safari/537.36" "-"
143.244.160.0 - - [11/Jul/2022:04:00:59 -0400] "GET /comic/rss?id=1 HTTP/1.1" 200 19767 blackdram.com "-" "NewsBlur Feed Fetcher - 1 subscriber - https://www.newsblur.com/site/7714966/black-dram (\"Mozilla/5.0 (Macintosh; Intel Mac OS X 10_15_7) AppleWebKit/605.1.15 (KHTML, like Gecko) Version/14.0.1 Safari/605.1.15\")" "-"
143.244.160.0 - - [11/Jul/2022:04:01:00 -0400] "GET /comic HTTP/1.1" 301 235 blackdram.com "-" "NewsBlur Page Fetcher - 1 subscriber - https://www.newsblur.com/site/7714966/black-dram (\"Mozilla/5.0 (Macintosh; Intel Mac OS X 10_15_7) AppleWebKit/605.1.15 (KHTML, like Gecko) Version/14.0.1 Safari/605.1.15\")" "-"
143.244.160.0 - - [11/Jul/2022:04:01:00 -0400] "GET /comic HTTP/1.1" 200 6587 blackdram.com "-" "NewsBlur Page Fetcher - 1 subscriber - https://www.newsblur.com/site/7714966/black-dram (\"Mozilla/5.0 (Macintosh; Intel Mac OS X 10_15_7) AppleWebKit/605.1.15 (KHTML, like Gecko) Version/14.0.1 Safari/605.1.15\")" "-"
34.209.90.0 - - [11/Jul/2022:04:02:54 -0400] "GET / HTTP/1.1" 301 230 blackdram.com "-" "Mozilla/5.0 (X11; Linux x86_64) AppleWebKit/537.36 (KHTML, like Gecko) Chrome/83.0.4103.97 Safari/537.36" "-"
34.209.90.0 - - [11/Jul/2022:04:02:57 -0400] "GET / HTTP/1.1" 200 6587 blackdram.com "-" "Mozilla/5.0 (X11; Linux x86_64) AppleWebKit/537.36 (KHTML, like Gecko) Chrome/83.0.4103.97 Safari/537.36" "-"
173.230.149.0 - - [11/Jul/2022:04:03:57 -0400] "GET /comic/rss HTTP/1.1" 200 19767 blackdram.com "-" "Mozilla/5.0 (Macintosh; Intel Mac OS X 10_15_7) AppleWebKit/537.36 (KHTML, like Gecko) Chrome/101.0.4951.54 Safari/537.36" "-"
54.188.188.0 - - [11/Jul/2022:04:04:08 -0400] "GET / HTTP/1.1" 200 6587 blackdram.com "-" "Mozilla/5.0 (X11; Linux x86_64) AppleWebKit/537.36 (KHTML, like Gecko) Chrome/83.0.4103.97 Safari/537.36" "-"
35.163.217.0 - - [11/Jul/2022:04:04:10 -0400] "GET / HTTP/1.1" 200 6587 blackdram.com "-" "Mozilla/5.0 (X11; Linux x86_64) AppleWebKit/537.36 (KHTML, like Gecko) Chrome/83.0.4103.97 Safari/537.36" "-"
35.87.73.0 - - [11/Jul/2022:04:04:52 -0400] "GET / HTTP/1.1" 200 6587 blackdram.com "-" "Mozilla/5.0 (X11; Linux x86_64) AppleWebKit/537.36 (KHTML, like Gecko) Chrome/83.0.4103.97 Safari/537.36" "-"
164.92.94.0 - - [11/Jul/2022:04:05:07 -0400] "GET /.env HTTP/1.1" 301 234 blackdram.com "-" "Mozilla/5.0 (Linux; U; Android 4.4.2; en-US; HM NOTE 1W Build/KOT49H) AppleWebKit/534.30 (KHTML, like Gecko) Version/4.0 UCBrowser/11.0.5.850 U3/0.8.0 Mobile Safari/534.30" "-"
164.92.94.0 - - [11/Jul/2022:04:05:08 -0400] "POST / HTTP/1.1" 301 230 blackdram.com "-" "Mozilla/5.0 (Linux; U; Android 4.4.2; en-US; HM NOTE 1W Build/KOT49H) AppleWebKit/534.30 (KHTML, like Gecko) Version/4.0 UCBrowser/11.0.5.850 U3/0.8.0 Mobile Safari/534.30" "-"
164.92.94.0 - - [11/Jul/2022:04:05:09 -0400] "GET /.env HTTP/1.1" 404 2614 blackdram.com "-" "Mozilla/5.0 (Linux; U; Android 4.4.2; en-US; HM NOTE 1W Build/KOT49H) AppleWebKit/534.30 (KHTML, like Gecko) Version/4.0 UCBrowser/11.0.5.850 U3/0.8.0 Mobile Safari/534.30" "-"
164.92.94.0 - - [11/Jul/2022:04:05:11 -0400] "POST / HTTP/1.1" 200 6587 blackdram.com "-" "Mozilla/5.0 (Linux; U; Android 4.4.2; en-US; HM NOTE 1W Build/KOT49H) AppleWebKit/534.30 (KHTML, like Gecko) Version/4.0 UCBrowser/11.0.5.850 U3/0.8.0 Mobile Safari/534.30" "-"
164.92.94.0 - - [11/Jul/2022:04:05:12 -0400] "GET /vendor/phpunit/phpunit/src/Util/PHP/eval-stdin.php HTTP/1.1" 301 280 blackdram.com "-" "python-requests/2.26.0" "-"
164.92.94.0 - - [11/Jul/2022:04:05:13 -0400] "GET /vendor/phpunit/phpunit/src/Util/PHP/eval-stdin.php HTTP/1.1" 404 2614 blackdram.com "-" "python-requests/2.26.0" "-"
35.87.73.0 - - [11/Jul/2022:04:05:20 -0400] "GET / HTTP/1.1" 200 6587 blackdram.com "-" "Mozilla/5.0 (X11; Linux x86_64) AppleWebKit/537.36 (KHTML, like Gecko) Chrome/83.0.4103.97 Safari/537.36" "-"
173.230.149.0 - - [11/Jul/2022:04:11:16 -0400] "GET /comic/rss HTTP/1.1" 200 19767 blackdram.com "-" "Mozilla/5.0 (Macintosh; Intel Mac OS X 10_15_7) AppleWebKit/537.36 (KHTML, like Gecko) Chrome/101.0.4951.54 Safari/537.36" "-"
54.213.88.0 - - [11/Jul/2022:04:11:54 -0400] "GET / HTTP/1.1" 301 230 blackdram.com "-" "Mozilla/5.0 (X11; Linux x86_64) AppleWebKit/537.36 (KHTML, like Gecko) Chrome/83.0.4103.97 Safari/537.36" "-"
154.19.248.0 - - [11/Jul/2022:04:11:54 -0400] "GET /favicon.ico HTTP/1.1" 404 1271 blackdram.com "-" "-" "-"
54.213.88.0 - - [11/Jul/2022:04:11:57 -0400] "GET / HTTP/1.1" 200 6587 blackdram.com "-" "Mozilla/5.0 (X11; Linux x86_64) AppleWebKit/537.36 (KHTML, like Gecko) Chrome/83.0.4103.97 Safari/537.36" "-"
18.237.254.0 - - [11/Jul/2022:04:16:22 -0400] "GET / HTTP/1.1" 200 6587 blackdram.com "-" "Mozilla/5.0 (X11; Linux x86_64) AppleWebKit/537.36 (KHTML, like Gecko) Chrome/83.0.4103.97 Safari/537.36" "-"
18.237.254.0 - - [11/Jul/2022:04:16:22 -0400] "GET / HTTP/1.1" 200 6587 blackdram.com "-" "Mozilla/5.0 (X11; Linux x86_64) AppleWebKit/537.36 (KHTML, like Gecko) Chrome/83.0.4103.97 Safari/537.36" "-"
54.185.97.0 - - [11/Jul/2022:04:17:57 -0400] "GET / HTTP/1.1" 200 6587 blackdram.com "-" "Mozilla/5.0 (X11; Linux x86_64) AppleWebKit/537.36 (KHTML, like Gecko) Chrome/83.0.4103.97 Safari/537.36" "-"
173.230.149.0 - - [11/Jul/2022:04:18:34 -0400] "GET /comic/rss HTTP/1.1" 200 19767 blackdram.com "-" "Mozilla/5.0 (Macintosh; Intel Mac OS X 10_15_7) AppleWebKit/537.36 (KHTML, like Gecko) Chrome/101.0.4951.54 Safari/537.36" "-"
34.219.131.0 - - [11/Jul/2022:04:18:50 -0400] "GET /favicon.ico HTTP/1.1" 301 241 blackdram.com "-" "Mozilla/5.0 (X11; Linux x86_64) AppleWebKit/537.36 (KHTML, like Gecko) Chrome/83.0.4103.97 Safari/537.36" "-"
34.219.131.0 - - [11/Jul/2022:04:18:50 -0400] "GET /favicon.ico HTTP/1.1" 404 1271 blackdram.com "http://blackdram.com/favicon.ico" "Mozilla/5.0 (X11; Linux x86_64) AppleWebKit/537.36 (KHTML, like Gecko) Chrome/83.0.4103.97 Safari/537.36" "-"
34.219.131.0 - - [11/Jul/2022:04:18:50 -0400] "GET / HTTP/1.1" 301 230 blackdram.com "-" "Mozilla/5.0 (X11; Linux x86_64) AppleWebKit/537.36 (KHTML, like Gecko) Chrome/83.0.4103.97 Safari/537.36" "-"
34.219.131.0 - - [11/Jul/2022:04:18:51 -0400] "GET / HTTP/1.1" 200 6587 blackdram.com "http://blackdram.com" "Mozilla/5.0 (X11; Linux x86_64) AppleWebKit/537.36 (KHTML, like Gecko) Chrome/83.0.4103.97 Safari/537.36" "-"
34.219.131.0 - - [11/Jul/2022:04:19:34 -0400] "GET /favicon.ico HTTP/1.1" 301 241 blackdram.com "-" "Mozilla/5.0 (X11; Linux x86_64) AppleWebKit/537.36 (KHTML, like Gecko) Chrome/83.0.4103.97 Safari/537.36" "-"
34.219.131.0 - - [11/Jul/2022:04:19:34 -0400] "GET /favicon.ico HTTP/1.1" 404 1271 blackdram.com "http://blackdram.com/favicon.ico" "Mozilla/5.0 (X11; Linux x86_64) AppleWebKit/537.36 (KHTML, like Gecko) Chrome/83.0.4103.97 Safari/537.36" "-"
34.219.131.0 - - [11/Jul/2022:04:19:35 -0400] "GET / HTTP/1.1" 301 230 blackdram.com "-" "Mozilla/5.0 (X11; Linux x86_64) AppleWebKit/537.36 (KHTML, like Gecko) Chrome/83.0.4103.97 Safari/537.36" "-"
34.219.131.0 - - [11/Jul/2022:04:19:35 -0400] "GET / HTTP/1.1" 200 6587 blackdram.com "http://blackdram.com" "Mozilla/5.0 (X11; Linux x86_64) AppleWebKit/537.36 (KHTML, like Gecko) Chrome/83.0.4103.97 Safari/537.36" "-"
34.211.90.0 - - [11/Jul/2022:04:21:26 -0400] "GET /favicon.ico HTTP/1.1" 301 241 blackdram.com "-" "Mozilla/5.0 (X11; Linux x86_64) AppleWebKit/537.36 (KHTML, like Gecko) Chrome/83.0.4103.97 Safari/537.36" "-"
34.211.90.0 - - [11/Jul/2022:04:21:27 -0400] "GET /favicon.ico HTTP/1.1" 404 1271 blackdram.com "http://blackdram.com/favicon.ico" "Mozilla/5.0 (X11; Linux x86_64) AppleWebKit/537.36 (KHTML, like Gecko) Chrome/83.0.4103.97 Safari/537.36" "-"
34.211.90.0 - - [11/Jul/2022:04:21:27 -0400] "GET / HTTP/1.1" 301 230 blackdram.com "-" "Mozilla/5.0 (X11; Linux x86_64) AppleWebKit/537.36 (KHTML, like Gecko) Chrome/83.0.4103.97 Safari/537.36" "-"
34.211.90.0 - - [11/Jul/2022:04:21:27 -0400] "GET / HTTP/1.1" 200 6587 blackdram.com "http://blackdram.com" "Mozilla/5.0 (X11; Linux x86_64) AppleWebKit/537.36 (KHTML, like Gecko) Chrome/83.0.4103.97 Safari/537.36" "-"
18.237.254.0 - - [11/Jul/2022:04:22:54 -0400] "GET / HTTP/1.1" 200 6587 blackdram.com "-" "Mozilla/5.0 (X11; Linux x86_64) AppleWebKit/537.36 (KHTML, like Gecko) Chrome/83.0.4103.97 Safari/537.36" "-"
54.202.166.0 - - [11/Jul/2022:04:22:55 -0400] "GET / HTTP/1.1" 301 230 blackdram.com "-" "Mozilla/5.0 (X11; Linux x86_64) AppleWebKit/537.36 (KHTML, like Gecko) Chrome/83.0.4103.97 Safari/537.36" "-"
54.186.240.0 - - [11/Jul/2022:04:23:01 -0400] "GET / HTTP/1.1" 200 6587 blackdram.com "-" "Mozilla/5.0 (X11; Linux x86_64) AppleWebKit/537.36 (KHTML, like Gecko) Chrome/83.0.4103.97 Safari/537.36" "-"
185.191.171.0 - - [11/Jul/2022:04:23:23 -0400] "GET /comic/231 HTTP/1.1" 301 239 blackdram.com "-" "Mozilla/5.0 (compatible; SemrushBot/7~bl; +http://www.semrush.com/bot.html)" "-"
185.191.171.0 - - [11/Jul/2022:04:23:25 -0400] "GET /comic/231 HTTP/1.1" 200 6267 blackdram.com "-" "Mozilla/5.0 (compatible; SemrushBot/7~bl; +http://www.semrush.com/bot.html)" "-"
54.184.80.0 - - [11/Jul/2022:04:24:10 -0400] "GET /favicon.ico HTTP/1.1" 301 241 blackdram.com "-" "Mozilla/5.0 (X11; Linux x86_64) AppleWebKit/537.36 (KHTML, like Gecko) Chrome/83.0.4103.97 Safari/537.36" "-"
54.184.80.0 - - [11/Jul/2022:04:24:10 -0400] "GET /favicon.ico HTTP/1.1" 404 1271 blackdram.com "http://blackdram.com/favicon.ico" "Mozilla/5.0 (X11; Linux x86_64) AppleWebKit/537.36 (KHTML, like Gecko) Chrome/83.0.4103.97 Safari/537.36" "-"
54.184.80.0 - - [11/Jul/2022:04:24:10 -0400] "GET / HTTP/1.1" 301 230 blackdram.com "-" "Mozilla/5.0 (X11; Linux x86_64) AppleWebKit/537.36 (KHTML, like Gecko) Chrome/83.0.4103.97 Safari/537.36" "-"
54.184.80.0 - - [11/Jul/2022:04:24:11 -0400] "GET / HTTP/1.1" 200 6587 blackdram.com "http://blackdram.com" "Mozilla/5.0 (X11; Linux x86_64) AppleWebKit/537.36 (KHTML, like Gecko) Chrome/83.0.4103.97 Safari/537.36" "-"
154.19.248.0 - - [11/Jul/2022:04:24:22 -0400] "GET /favicon.ico HTTP/1.1" 404 1271 blackdram.com "-" "-" "-"
173.230.149.0 - - [11/Jul/2022:04:25:51 -0400] "GET /comic/rss HTTP/1.1" 200 19767 blackdram.com "-" "Mozilla/5.0 (Macintosh; Intel Mac OS X 10_15_7) AppleWebKit/537.36 (KHTML, like Gecko) Chrome/101.0.4951.54 Safari/537.36" "-"
34.212.231.0 - - [11/Jul/2022:04:26:09 -0400] "GET /favicon.ico HTTP/1.1" 301 241 blackdram.com "-" "Mozilla/5.0 (X11; Linux x86_64) AppleWebKit/537.36 (KHTML, like Gecko) Chrome/83.0.4103.97 Safari/537.36" "-"
34.212.231.0 - - [11/Jul/2022:04:26:09 -0400] "GET /favicon.ico HTTP/1.1" 404 1271 blackdram.com "http://blackdram.com/favicon.ico" "Mozilla/5.0 (X11; Linux x86_64) AppleWebKit/537.36 (KHTML, like Gecko) Chrome/83.0.4103.97 Safari/537.36" "-"
34.212.231.0 - - [11/Jul/2022:04:26:10 -0400] "GET / HTTP/1.1" 301 230 blackdram.com "-" "Mozilla/5.0 (X11; Linux x86_64) AppleWebKit/537.36 (KHTML, like Gecko) Chrome/83.0.4103.97 Safari/537.36" "-"
34.212.231.0 - - [11/Jul/2022:04:26:10 -0400] "GET / HTTP/1.1" 200 6587 blackdram.com "http://blackdram.com" "Mozilla/5.0 (X11; Linux x86_64) AppleWebKit/537.36 (KHTML, like Gecko) Chrome/83.0.4103.97 Safari/537.36" "-"
173.230.149.0 - - [11/Jul/2022:04:33:10 -0400] "GET /comic/rss HTTP/1.1" 200 19767 blackdram.com "-" "Mozilla/5.0 (Macintosh; Intel Mac OS X 10_15_7) AppleWebKit/537.36 (KHTML, like Gecko) Chrome/101.0.4951.54 Safari/537.36" "-"
8.29.198.0 - - [11/Jul/2022:04:35:35 -0400] "GET /comic/rss?id=1 HTTP/1.1" 200 19767 blackdram.com "-" "Feedly/1.0 (+http://www.feedly.com/fetcher.html; 5 subscribers; like FeedFetcher-Google)" "-"
92.247.181.0 - - [11/Jul/2022:04:36:14 -0400] "GET /rss?id=1 HTTP/1.1" 404 2614 blackdram.com "https://blackdram.com/" "Mozilla/5.0 (compatible; inoreader.com; 1 subscribers)" "-"
51.222.253.0 - - [11/Jul/2022:04:36:28 -0400] "GET /comic/225 HTTP/1.1" 200 7360 blackdram.com "-" "Mozilla/5.0 (compatible; AhrefsBot/7.0; +http://ahrefs.com/robot/)" "-"
173.230.149.0 - - [11/Jul/2022:04:40:30 -0400] "GET /comic/rss HTTP/1.1" 200 19767 blackdram.com "-" "Mozilla/5.0 (Macintosh; Intel Mac OS X 10_15_7) AppleWebKit/537.36 (KHTML, like Gecko) Chrome/101.0.4951.54 Safari/537.36" "-"
54.191.122.0 - - [11/Jul/2022:04:40:38 -0400] "GET /favicon.ico HTTP/1.1" 301 241 blackdram.com "-" "Mozilla/5.0 (X11; Linux x86_64) AppleWebKit/537.36 (KHTML, like Gecko) Chrome/83.0.4103.97 Safari/537.36" "-"
54.191.122.0 - - [11/Jul/2022:04:40:39 -0400] "GET /favicon.ico HTTP/1.1" 404 1271 blackdram.com "http://blackdram.com/favicon.ico" "Mozilla/5.0 (X11; Linux x86_64) AppleWebKit/537.36 (KHTML, like Gecko) Chrome/83.0.4103.97 Safari/537.36" "-"
54.191.122.0 - - [11/Jul/2022:04:40:39 -0400] "GET / HTTP/1.1" 301 230 blackdram.com "-" "Mozilla/5.0 (X11; Linux x86_64) AppleWebKit/537.36 (KHTML, like Gecko) Chrome/83.0.4103.97 Safari/537.36" "-"
54.191.122.0 - - [11/Jul/2022:04:40:39 -0400] "GET / HTTP/1.1" 200 6587 blackdram.com "http://blackdram.com" "Mozilla/5.0 (X11; Linux x86_64) AppleWebKit/537.36 (KHTML, like Gecko) Chrome/83.0.4103.97 Safari/537.36" "-"
173.230.149.0 - - [11/Jul/2022:04:47:50 -0400] "GET /comic/rss HTTP/1.1" 200 19767 blackdram.com "-" "Mozilla/5.0 (Macintosh; Intel Mac OS X 10_15_7) AppleWebKit/537.36 (KHTML, like Gecko) Chrome/101.0.4951.54 Safari/537.36" "-"
173.230.149.0 - - [11/Jul/2022:04:55:12 -0400] "GET /comic/rss HTTP/1.1" 200 19767 blackdram.com "-" "Mozilla/5.0 (Macintosh; Intel Mac OS X 10_15_7) AppleWebKit/537.36 (KHTML, like Gecko) Chrome/101.0.4951.54 Safari/537.36" "-"
173.230.149.0 - - [11/Jul/2022:05:02:31 -0400] "GET /comic/rss HTTP/1.1" 200 19767 blackdram.com "-" "Mozilla/5.0 (Macintosh; Intel Mac OS X 10_15_7) AppleWebKit/537.36 (KHTML, like Gecko) Chrome/101.0.4951.54 Safari/537.36" "-"
173.230.149.0 - - [11/Jul/2022:05:09:45 -0400] "GET /comic/rss HTTP/1.1" 200 19767 blackdram.com "-" "Mozilla/5.0 (Macintosh; Intel Mac OS X 10_15_7) AppleWebKit/537.36 (KHTML, like Gecko) Chrome/101.0.4951.54 Safari/537.36" "-"
185.191.171.0 - - [11/Jul/2022:05:15:49 -0400] "GET /robots.txt HTTP/1.1" 301 240 blackdram.com "-" "Mozilla/5.0 (compatible; SemrushBot/7~bl; +http://www.semrush.com/bot.html)" "-"
185.191.171.0 - - [11/Jul/2022:05:15:49 -0400] "GET /robots.txt HTTP/1.1" 200 277 blackdram.com "-" "Mozilla/5.0 (compatible; SemrushBot/7~bl; +http://www.semrush.com/bot.html)" "-"
185.191.171.0 - - [11/Jul/2022:05:15:49 -0400] "GET /comic/164 HTTP/1.1" 301 239 blackdram.com "-" "Mozilla/5.0 (compatible; SemrushBot/7~bl; +http://www.semrush.com/bot.html)" "-"
185.191.171.0 - - [11/Jul/2022:05:15:51 -0400] "GET /comic/164 HTTP/1.1" 200 5832 blackdram.com "-" "Mozilla/5.0 (compatible; SemrushBot/7~bl; +http://www.semrush.com/bot.html)" "-"
173.230.149.0 - - [11/Jul/2022:05:17:13 -0400] "GET /comic/rss HTTP/1.1" 200 19767 blackdram.com "-" "Mozilla/5.0 (Macintosh; Intel Mac OS X 10_15_7) AppleWebKit/537.36 (KHTML, like Gecko) Chrome/101.0.4951.54 Safari/537.36" "-"
173.230.149.0 - - [11/Jul/2022:05:24:34 -0400] "GET /comic/rss HTTP/1.1" 200 19767 blackdram.com "-" "Mozilla/5.0 (Macintosh; Intel Mac OS X 10_15_7) AppleWebKit/537.36 (KHTML, like Gecko) Chrome/101.0.4951.54 Safari/537.36" "-"
51.222.253.0 - - [11/Jul/2022:05:29:07 -0400] "GET / HTTP/1.1" 200 6595 www.blackdram.com "-" "Mozilla/5.0 (compatible; AhrefsBot/7.0; +http://ahrefs.com/robot/)" "-"
173.230.149.0 - - [11/Jul/2022:05:31:57 -0400] "GET /comic/rss HTTP/1.1" 200 19767 blackdram.com "-" "Mozilla/5.0 (Macintosh; Intel Mac OS X 10_15_7) AppleWebKit/537.36 (KHTML, like Gecko) Chrome/101.0.4951.54 Safari/537.36" "-"
173.230.149.0 - - [11/Jul/2022:05:39:17 -0400] "GET /comic/rss HTTP/1.1" 200 19767 blackdram.com "-" "Mozilla/5.0 (Macintosh; Intel Mac OS X 10_15_7) AppleWebKit/537.36 (KHTML, like Gecko) Chrome/101.0.4951.54 Safari/537.36" "-"
173.230.149.0 - - [11/Jul/2022:05:46:35 -0400] "GET /comic/rss HTTP/1.1" 200 19767 blackdram.com "-" "Mozilla/5.0 (Macintosh; Intel Mac OS X 10_15_7) AppleWebKit/537.36 (KHTML, like Gecko) Chrome/101.0.4951.54 Safari/537.36" "-"
39.173.107.0 - - [11/Jul/2022:05:48:31 -0400] "GET / HTTP/1.1" 301 230 blackdram.com "-" "Mozilla/5.0 (iPhone; CPU iPhone OS 10_3 like Mac OS X) AppleWebKit/602.1.50 (KHTML, like Gecko) CriOS/56.0.2924.75 Mobile/14E5239e YisouSpider/5.0 Safari/602.1" "-"
101.67.50.0 - - [11/Jul/2022:05:48:34 -0400] "GET / HTTP/1.1" 200 6587 blackdram.com "-" "Mozilla/5.0 (iPhone; CPU iPhone OS 10_3 like Mac OS X) AppleWebKit/602.1.50 (KHTML, like Gecko) CriOS/56.0.2924.75 Mobile/14E5239e YisouSpider/5.0 Safari/602.1" "-"
34.227.158.0 - - [11/Jul/2022:05:51:56 -0400] "GET /robots.txt HTTP/1.1" 200 277 blackdram.com "-" "Mozilla/5.0 (X11; Linux x86_64) AppleWebKit/537.36 (KHTML, like Gecko) Chrome/94.0.4606.81 Safari/537.36" "-"
34.227.158.0 - - [11/Jul/2022:05:51:56 -0400] "GET / HTTP/1.1" 200 6587 blackdram.com "-" "Mozilla/5.0 (X11; Linux x86_64) AppleWebKit/537.36 (KHTML, like Gecko) Chrome/94.0.4606.81 Safari/537.36" "-"
207.46.13.0 - - [11/Jul/2022:05:52:16 -0400] "GET /comic/archive/ HTTP/1.1" 200 18778 blackdram.com "-" "Mozilla/5.0 (compatible; bingbot/2.0; +http://www.bing.com/bingbot.htm)" "-"
173.230.149.0 - - [11/Jul/2022:05:53:50 -0400] "GET /comic/rss HTTP/1.1" 200 19767 blackdram.com "-" "Mozilla/5.0 (Macintosh; Intel Mac OS X 10_15_7) AppleWebKit/537.36 (KHTML, like Gecko) Chrome/101.0.4951.54 Safari/537.36" "-"
173.230.149.0 - - [11/Jul/2022:06:01:06 -0400] "GET /comic/rss HTTP/1.1" 200 19767 blackdram.com "-" "Mozilla/5.0 (Macintosh; Intel Mac OS X 10_15_7) AppleWebKit/537.36 (KHTML, like Gecko) Chrome/101.0.4951.54 Safari/537.36" "-"
2a04:3544:1000:: - - [11/Jul/2022:06:01:09 -0400] "GET /comic/243 HTTP/1.1" 200 6587 blackdram.com "-" "piperka.net/1.0" "-"
49.7.21.0 - - [11/Jul/2022:06:04:02 -0400] "GET / HTTP/1.1" 301 230 blackdram.com "-" "Sogou web spider/4.0(+http://www.sogou.com/docs/help/webmasters.htm#07)" "-"
49.7.21.0 - - [11/Jul/2022:06:04:05 -0400] "GET / HTTP/1.1" 200 6587 blackdram.com "-" "Sogou web spider/4.0(+http://www.sogou.com/docs/help/webmasters.htm#07)" "-"
173.230.149.0 - - [11/Jul/2022:06:08:28 -0400] "GET /comic/rss HTTP/1.1" 200 19767 blackdram.com "-" "Mozilla/5.0 (Macintosh; Intel Mac OS X 10_15_7) AppleWebKit/537.36 (KHTML, like Gecko) Chrome/101.0.4951.54 Safari/537.36" "-"
185.191.171.0 - - [11/Jul/2022:06:09:04 -0400] "GET /comic/228 HTTP/1.1" 301 239 blackdram.com "-" "Mozilla/5.0 (compatible; SemrushBot/7~bl; +http://www.semrush.com/bot.html)" "-"
185.191.171.0 - - [11/Jul/2022:06:09:05 -0400] "GET /comic/228 HTTP/1.1" 200 6079 blackdram.com "-" "Mozilla/5.0 (compatible; SemrushBot/7~bl; +http://www.semrush.com/bot.html)" "-"
173.230.149.0 - - [11/Jul/2022:06:15:49 -0400] "GET /comic/rss HTTP/1.1" 200 19767 blackdram.com "-" "Mozilla/5.0 (Macintosh; Intel Mac OS X 10_15_7) AppleWebKit/537.36 (KHTML, like Gecko) Chrome/101.0.4951.54 Safari/537.36" "-"
173.230.149.0 - - [11/Jul/2022:06:23:12 -0400] "GET /comic/rss HTTP/1.1" 200 19767 blackdram.com "-" "Mozilla/5.0 (Macintosh; Intel Mac OS X 10_15_7) AppleWebKit/537.36 (KHTML, like Gecko) Chrome/101.0.4951.54 Safari/537.36" "-"
51.222.253.0 - - [11/Jul/2022:06:26:33 -0400] "GET /comic/2 HTTP/1.1" 200 6063 www.blackdram.com "-" "Mozilla/5.0 (compatible; AhrefsBot/7.0; +http://ahrefs.com/robot/)" "-"
173.230.149.0 - - [11/Jul/2022:06:30:30 -0400] "GET /comic/rss HTTP/1.1" 200 19767 blackdram.com "-" "Mozilla/5.0 (Macintosh; Intel Mac OS X 10_15_7) AppleWebKit/537.36 (KHTML, like Gecko) Chrome/101.0.4951.54 Safari/537.36" "-"
173.230.149.0 - - [11/Jul/2022:06:37:51 -0400] "GET /comic/rss HTTP/1.1" 200 19767 blackdram.com "-" "Mozilla/5.0 (Macintosh; Intel Mac OS X 10_15_7) AppleWebKit/537.36 (KHTML, like Gecko) Chrome/101.0.4951.54 Safari/537.36" "-"
92.247.181.0 - - [11/Jul/2022:06:38:03 -0400] "GET /rss?id=1 HTTP/1.1" 404 2614 blackdram.com "https://blackdram.com/" "Mozilla/5.0 (compatible; inoreader.com; 1 subscribers)" "-"
173.230.149.0 - - [11/Jul/2022:06:45:09 -0400] "GET /comic/rss HTTP/1.1" 200 19767 blackdram.com "-" "Mozilla/5.0 (Macintosh; Intel Mac OS X 10_15_7) AppleWebKit/537.36 (KHTML, like Gecko) Chrome/101.0.4951.54 Safari/537.36" "-"
173.230.149.0 - - [11/Jul/2022:06:52:23 -0400] "GET /comic/rss HTTP/1.1" 200 19767 blackdram.com "-" "Mozilla/5.0 (Macintosh; Intel Mac OS X 10_15_7) AppleWebKit/537.36 (KHTML, like Gecko) Chrome/101.0.4951.54 Safari/537.36" "-"
173.230.149.0 - - [11/Jul/2022:06:59:41 -0400] "GET /comic/rss HTTP/1.1" 200 19767 blackdram.com "-" "Mozilla/5.0 (Macintosh; Intel Mac OS X 10_15_7) AppleWebKit/537.36 (KHTML, like Gecko) Chrome/101.0.4951.54 Safari/537.36" "-"
173.230.149.0 - - [11/Jul/2022:07:07:05 -0400] "GET /comic/rss HTTP/1.1" 200 19767 blackdram.com "-" "Mozilla/5.0 (Macintosh; Intel Mac OS X 10_15_7) AppleWebKit/537.36 (KHTML, like Gecko) Chrome/101.0.4951.54 Safari/537.36" "-"
173.230.149.0 - - [11/Jul/2022:07:14:26 -0400] "GET /comic/rss HTTP/1.1" 200 19767 blackdram.com "-" "Mozilla/5.0 (Macintosh; Intel Mac OS X 10_15_7) AppleWebKit/537.36 (KHTML, like Gecko) Chrome/101.0.4951.54 Safari/537.36" "-"
207.46.13.0 - - [11/Jul/2022:07:19:51 -0400] "GET /robots.txt HTTP/1.1" 301 240 blackdram.com "-" "Mozilla/5.0 (compatible; bingbot/2.0; +http://www.bing.com/bingbot.htm)" "-"
207.46.13.0 - - [11/Jul/2022:07:19:51 -0400] "GET /robots.txt HTTP/1.1" 200 277 blackdram.com "-" "Mozilla/5.0 (compatible; bingbot/2.0; +http://www.bing.com/bingbot.htm)" "-"
40.77.167.0 - - [11/Jul/2022:07:20:00 -0400] "GET / HTTP/1.1" 301 230 blackdram.com "-" "Mozilla/5.0 (compatible; bingbot/2.0; +http://www.bing.com/bingbot.htm)" "-"
173.230.149.0 - - [11/Jul/2022:07:21:55 -0400] "GET /comic/rss HTTP/1.1" 200 19767 blackdram.com "-" "Mozilla/5.0 (Macintosh; Intel Mac OS X 10_15_7) AppleWebKit/537.36 (KHTML, like Gecko) Chrome/101.0.4951.54 Safari/537.36" "-"
173.230.149.0 - - [11/Jul/2022:07:29:25 -0400] "GET /comic/rss HTTP/1.1" 200 19767 blackdram.com "-" "Mozilla/5.0 (Macintosh; Intel Mac OS X 10_15_7) AppleWebKit/537.36 (KHTML, like Gecko) Chrome/101.0.4951.54 Safari/537.36" "-"
2604:f440:: - - [11/Jul/2022:07:31:14 -0400] "GET /robots.txt HTTP/1.1" 301 240 blackdram.com "-" "-" "-"
2604:f440:: - - [11/Jul/2022:07:31:14 -0400] "GET /robots.txt HTTP/1.1" 200 277 blackdram.com "-" "-" "-"
2604:f440:: - - [11/Jul/2022:07:31:14 -0400] "GET / HTTP/1.1" 301 230 blackdram.com "-" "webpage-inspector.com" "-"
2604:f440:: - - [11/Jul/2022:07:31:15 -0400] "GET / HTTP/1.1" 200 6587 blackdram.com "-" "webpage-inspector.com" "-"
51.222.253.0 - - [11/Jul/2022:07:35:50 -0400] "GET /comic/rss?id=1 HTTP/1.1" 200 19767 blackdram.com "-" "Mozilla/5.0 (compatible; AhrefsBot/7.0; +http://ahrefs.com/robot/)" "-"
173.230.149.0 - - [11/Jul/2022:07:36:41 -0400] "GET /comic/rss HTTP/1.1" 200 19767 blackdram.com "-" "Mozilla/5.0 (Macintosh; Intel Mac OS X 10_15_7) AppleWebKit/537.36 (KHTML, like Gecko) Chrome/101.0.4951.54 Safari/537.36" "-"
173.230.149.0 - - [11/Jul/2022:07:43:56 -0400] "GET /comic/rss HTTP/1.1" 200 19767 blackdram.com "-" "Mozilla/5.0 (Macintosh; Intel Mac OS X 10_15_7) AppleWebKit/537.36 (KHTML, like Gecko) Chrome/101.0.4951.54 Safari/537.36" "-"
173.230.149.0 - - [11/Jul/2022:07:51:21 -0400] "GET /comic/rss HTTP/1.1" 200 19767 blackdram.com "-" "Mozilla/5.0 (Macintosh; Intel Mac OS X 10_15_7) AppleWebKit/537.36 (KHTML, like Gecko) Chrome/101.0.4951.54 Safari/537.36" "-"
185.191.171.0 - - [11/Jul/2022:07:56:09 -0400] "GET /robots.txt HTTP/1.1" 200 277 blackdram.com "-" "Mozilla/5.0 (compatible; SemrushBot/7~bl; +http://www.semrush.com/bot.html)" "-"
185.191.171.0 - - [11/Jul/2022:07:56:10 -0400] "GET /comic/113 HTTP/1.1" 200 6169 blackdram.com "-" "Mozilla/5.0 (compatible; SemrushBot/7~bl; +http://www.semrush.com/bot.html)" "-"
173.230.149.0 - - [11/Jul/2022:07:58:45 -0400] "GET /comic/rss HTTP/1.1" 200 19767 blackdram.com "-" "Mozilla/5.0 (Macintosh; Intel Mac OS X 10_15_7) AppleWebKit/537.36 (KHTML, like Gecko) Chrome/101.0.4951.54 Safari/537.36" "-"
173.230.149.0 - - [11/Jul/2022:08:06:02 -0400] "GET /comic/rss HTTP/1.1" 200 19767 blackdram.com "-" "Mozilla/5.0 (Macintosh; Intel Mac OS X 10_15_7) AppleWebKit/537.36 (KHTML, like Gecko) Chrome/101.0.4951.54 Safari/537.36" "-"
123.183.224.0 - - [11/Jul/2022:08:06:32 -0400] "GET / HTTP/1.1" 301 230 blackdram.com "-" "Sogou web spider/4.0(+http://www.sogou.com/docs/help/webmasters.htm#07)" "-"
185.191.171.0 - - [11/Jul/2022:08:08:12 -0400] "GET /comic/182 HTTP/1.1" 200 5828 blackdram.com "-" "Mozilla/5.0 (compatible; SemrushBot/7~bl; +http://www.semrush.com/bot.html)" "-"
34.239.154.0 - - [11/Jul/2022:08:10:25 -0400] "GET /robots.txt HTTP/1.1" 200 277 blackdram.com "-" "Mozilla/5.0 (X11; Linux x86_64) AppleWebKit/537.36 (KHTML, like Gecko) Chrome/94.0.4606.81 Safari/537.36" "-"
34.239.154.0 - - [11/Jul/2022:08:10:25 -0400] "GET /about HTTP/1.1" 200 3972 blackdram.com "-" "Mozilla/5.0 (X11; Linux x86_64) AppleWebKit/537.36 (KHTML, like Gecko) Chrome/94.0.4606.81 Safari/537.36" "-"
173.230.149.0 - - [11/Jul/2022:08:13:21 -0400] "GET /comic/rss HTTP/1.1" 200 19767 blackdram.com "-" "Mozilla/5.0 (Macintosh; Intel Mac OS X 10_15_7) AppleWebKit/537.36 (KHTML, like Gecko) Chrome/101.0.4951.54 Safari/537.36" "-"
173.230.149.0 - - [11/Jul/2022:08:20:52 -0400] "GET /comic/rss HTTP/1.1" 200 19767 blackdram.com "-" "Mozilla/5.0 (Macintosh; Intel Mac OS X 10_15_7) AppleWebKit/537.36 (KHTML, like Gecko) Chrome/101.0.4951.54 Safari/537.36" "-"
173.230.149.0 - - [11/Jul/2022:08:28:10 -0400] "GET /comic/rss HTTP/1.1" 200 19767 blackdram.com "-" "Mozilla/5.0 (Macintosh; Intel Mac OS X 10_15_7) AppleWebKit/537.36 (KHTML, like Gecko) Chrome/101.0.4951.54 Safari/537.36" "-"
123.183.224.0 - - [11/Jul/2022:08:31:36 -0400] "GET / HTTP/1.1" 200 6587 blackdram.com "-" "Sogou web spider/4.0(+http://www.sogou.com/docs/help/webmasters.htm#07)" "-"
13.53.132.0 - - [11/Jul/2022:08:33:20 -0400] "GET / HTTP/1.1" 301 230 blackdram.com "-" "Mozilla/5.0 (Windows NT 10.0; Win64; x64) AppleWebKit/537.36 (KHTML, like Gecko) Chrome/63.0.3239.132 Safari/537.36" "-"
173.230.149.0 - - [11/Jul/2022:08:35:35 -0400] "GET /comic/rss HTTP/1.1" 200 19767 blackdram.com "-" "Mozilla/5.0 (Macintosh; Intel Mac OS X 10_15_7) AppleWebKit/537.36 (KHTML, like Gecko) Chrome/101.0.4951.54 Safari/537.36" "-"
114.119.149.0 - - [11/Jul/2022:08:37:52 -0400] "GET /comic/archive/ HTTP/1.1" 200 18778 blackdram.com "https://blackdram.com/comic/156" "Mozilla/5.0 (Linux; Android 7.0;) AppleWebKit/537.36 (KHTML, like Gecko) Mobile Safari/537.36 (compatible; PetalBot;+https://webmaster.petalsearch.com/site/petalbot)" "-"
92.247.181.0 - - [11/Jul/2022:08:39:16 -0400] "GET /rss?id=1 HTTP/1.1" 404 2614 blackdram.com "https://blackdram.com/" "Mozilla/5.0 (compatible; inoreader.com; 1 subscribers)" "-"
147.182.164.0 - - [11/Jul/2022:08:40:08 -0400] "GET /comic/rss?id=1 HTTP/1.1" 200 19767 blackdram.com "-" "NewsBlur Feed Fetcher - 1 subscriber - https://www.newsblur.com/site/7714966/black-dram (\"Mozilla/5.0 (Macintosh; Intel Mac OS X 10_15_7) AppleWebKit/605.1.15 (KHTML, like Gecko) Version/14.0.1 Safari/605.1.15\")" "-"
147.182.164.0 - - [11/Jul/2022:08:40:08 -0400] "GET /comic HTTP/1.1" 301 235 blackdram.com "-" "NewsBlur Page Fetcher - 1 subscriber - https://www.newsblur.com/site/7714966/black-dram (\"Mozilla/5.0 (Macintosh; Intel Mac OS X 10_15_7) AppleWebKit/605.1.15 (KHTML, like Gecko) Version/14.0.1 Safari/605.1.15\")" "-"
147.182.164.0 - - [11/Jul/2022:08:40:09 -0400] "GET /comic HTTP/1.1" 200 6587 blackdram.com "-" "NewsBlur Page Fetcher - 1 subscriber - https://www.newsblur.com/site/7714966/black-dram (\"Mozilla/5.0 (Macintosh; Intel Mac OS X 10_15_7) AppleWebKit/605.1.15 (KHTML, like Gecko) Version/14.0.1 Safari/605.1.15\")" "-"
54.36.149.0 - - [11/Jul/2022:08:42:56 -0400] "GET /robots.txt HTTP/1.1" 301 240 www.blackdram.com "-" "Mozilla/5.0 (compatible; AhrefsBot/7.0; +http://ahrefs.com/robot/)" "-"
173.230.149.0 - - [11/Jul/2022:08:42:56 -0400] "GET /comic/rss HTTP/1.1" 200 19767 blackdram.com "-" "Mozilla/5.0 (Macintosh; Intel Mac OS X 10_15_7) AppleWebKit/537.36 (KHTML, like Gecko) Chrome/101.0.4951.54 Safari/537.36" "-"
54.36.149.0 - - [11/Jul/2022:08:42:56 -0400] "GET /robots.txt HTTP/1.1" 200 277 blackdram.com "-" "Mozilla/5.0 (compatible; AhrefsBot/7.0; +http://ahrefs.com/robot/)" "-"
51.222.253.0 - - [11/Jul/2022:08:42:57 -0400] "GET /comic/2 HTTP/1.1" 301 237 www.blackdram.com "-" "Mozilla/5.0 (compatible; AhrefsBot/7.0; +http://ahrefs.com/robot/)" "-"
173.230.149.0 - - [11/Jul/2022:08:50:27 -0400] "GET /comic/rss HTTP/1.1" 200 19767 blackdram.com "-" "Mozilla/5.0 (Macintosh; Intel Mac OS X 10_15_7) AppleWebKit/537.36 (KHTML, like Gecko) Chrome/101.0.4951.54 Safari/537.36" "-"
173.230.149.0 - - [11/Jul/2022:08:57:47 -0400] "GET /comic/rss HTTP/1.1" 200 19767 blackdram.com "-" "Mozilla/5.0 (Macintosh; Intel Mac OS X 10_15_7) AppleWebKit/537.36 (KHTML, like Gecko) Chrome/101.0.4951.54 Safari/537.36" "-"
173.230.149.0 - - [11/Jul/2022:09:05:13 -0400] "GET /comic/rss HTTP/1.1" 200 19767 blackdram.com "-" "Mozilla/5.0 (Macintosh; Intel Mac OS X 10_15_7) AppleWebKit/537.36 (KHTML, like Gecko) Chrome/101.0.4951.54 Safari/537.36" "-"
173.230.149.0 - - [11/Jul/2022:09:12:34 -0400] "GET /comic/rss HTTP/1.1" 200 19767 blackdram.com "-" "Mozilla/5.0 (Macintosh; Intel Mac OS X 10_15_7) AppleWebKit/537.36 (KHTML, like Gecko) Chrome/101.0.4951.54 Safari/537.36" "-"
173.230.149.0 - - [11/Jul/2022:09:19:46 -0400] "GET /comic/rss HTTP/1.1" 200 19767 blackdram.com "-" "Mozilla/5.0 (Macintosh; Intel Mac OS X 10_15_7) AppleWebKit/537.36 (KHTML, like Gecko) Chrome/101.0.4951.54 Safari/537.36" "-"
173.230.149.0 - - [11/Jul/2022:09:27:13 -0400] "GET /comic/rss HTTP/1.1" 200 19767 blackdram.com "-" "Mozilla/5.0 (Macintosh; Intel Mac OS X 10_15_7) AppleWebKit/537.36 (KHTML, like Gecko) Chrome/101.0.4951.54 Safari/537.36" "-"
51.222.253.0 - - [11/Jul/2022:09:29:32 -0400] "GET /comic/121 HTTP/1.1" 301 239 blackdram.com "-" "Mozilla/5.0 (compatible; AhrefsBot/7.0; +http://ahrefs.com/robot/)" "-"
185.191.171.0 - - [11/Jul/2022:09:34:01 -0400] "GET /robots.txt HTTP/1.1" 301 240 blackdram.com "-" "Mozilla/5.0 (compatible; SemrushBot/7~bl; +http://www.semrush.com/bot.html)" "-"
185.191.171.0 - - [11/Jul/2022:09:34:02 -0400] "GET /robots.txt HTTP/1.1" 200 277 blackdram.com "-" "Mozilla/5.0 (compatible; SemrushBot/7~bl; +http://www.semrush.com/bot.html)" "-"
185.191.171.0 - - [11/Jul/2022:09:34:02 -0400] "GET /comic/103 HTTP/1.1" 301 239 blackdram.com "-" "Mozilla/5.0 (compatible; SemrushBot/7~bl; +http://www.semrush.com/bot.html)" "-"
185.191.171.0 - - [11/Jul/2022:09:34:04 -0400] "GET /comic/103 HTTP/1.1" 200 5827 blackdram.com "-" "Mozilla/5.0 (compatible; SemrushBot/7~bl; +http://www.semrush.com/bot.html)" "-"
114.119.149.0 - - [11/Jul/2022:09:34:36 -0400] "GET /comic/17 HTTP/1.1" 200 6393 blackdram.com "https://blackdram.com/comic/archive" "Mozilla/5.0 (Linux; Android 7.0;) AppleWebKit/537.36 (KHTML, like Gecko) Mobile Safari/537.36 (compatible; PetalBot;+https://webmaster.petalsearch.com/site/petalbot)" "-"
173.230.149.0 - - [11/Jul/2022:09:34:37 -0400] "GET /comic/rss HTTP/1.1" 200 19767 blackdram.com "-" "Mozilla/5.0 (Macintosh; Intel Mac OS X 10_15_7) AppleWebKit/537.36 (KHTML, like Gecko) Chrome/101.0.4951.54 Safari/537.36" "-"
173.230.149.0 - - [11/Jul/2022:09:42:01 -0400] "GET /comic/rss HTTP/1.1" 200 19767 blackdram.com "-" "Mozilla/5.0 (Macintosh; Intel Mac OS X 10_15_7) AppleWebKit/537.36 (KHTML, like Gecko) Chrome/101.0.4951.54 Safari/537.36" "-"
173.230.149.0 - - [11/Jul/2022:09:49:22 -0400] "GET /comic/rss HTTP/1.1" 200 19767 blackdram.com "-" "Mozilla/5.0 (Macintosh; Intel Mac OS X 10_15_7) AppleWebKit/537.36 (KHTML, like Gecko) Chrome/101.0.4951.54 Safari/537.36" "-"
114.119.149.0 - - [11/Jul/2022:09:52:52 -0400] "GET /comic/102 HTTP/1.1" 200 5960 blackdram.com "https://blackdram.com/comic/101" "Mozilla/5.0 (Linux; Android 7.0;) AppleWebKit/537.36 (KHTML, like Gecko) Mobile Safari/537.36 (compatible; PetalBot;+https://webmaster.petalsearch.com/site/petalbot)" "-"
173.230.149.0 - - [11/Jul/2022:09:56:39 -0400] "GET /comic/rss HTTP/1.1" 200 19767 blackdram.com "-" "Mozilla/5.0 (Macintosh; Intel Mac OS X 10_15_7) AppleWebKit/537.36 (KHTML, like Gecko) Chrome/101.0.4951.54 Safari/537.36" "-"
114.119.149.0 - - [11/Jul/2022:09:59:17 -0400] "GET /comic/120 HTTP/1.1" 200 5921 blackdram.com "https://blackdram.com/comic/121" "Mozilla/5.0 (Linux; Android 7.0;) AppleWebKit/537.36 (KHTML, like Gecko) Mobile Safari/537.36 (compatible; PetalBot;+https://webmaster.petalsearch.com/site/petalbot)" "-"
173.230.149.0 - - [11/Jul/2022:10:04:01 -0400] "GET /comic/rss HTTP/1.1" 200 19767 blackdram.com "-" "Mozilla/5.0 (Macintosh; Intel Mac OS X 10_15_7) AppleWebKit/537.36 (KHTML, like Gecko) Chrome/101.0.4951.54 Safari/537.36" "-"
114.119.149.0 - - [11/Jul/2022:10:06:13 -0400] "GET /comic/152 HTTP/1.1" 200 5842 blackdram.com "https://blackdram.com/comic/151" "Mozilla/5.0 (Linux; Android 7.0;) AppleWebKit/537.36 (KHTML, like Gecko) Mobile Safari/537.36 (compatible; PetalBot;+https://webmaster.petalsearch.com/site/petalbot)" "-"
66.249.75.0 - - [11/Jul/2022:10:09:29 -0400] "GET /robots.txt HTTP/1.1" 200 277 blackdram.com "-" "Mozilla/5.0 (compatible; Googlebot/2.1; +http://www.google.com/bot.html)" "-"
